ERROR - 2026-02-02 20:36:39 --> Error connecting to the database: mysqli_sql_exception: No connection could be made because the target machine actively refused it in C:\xampp-new\htdocs\ca_onex\vendor\codeigniter4\framework\system\Database\MySQLi\Connection.php:201
Stack trace:
#0 C:\xampp-new\htdocs\ca_onex\vendor\codeigniter4\framework\system\Database\MySQLi\Connection.php(201): mysqli->real_connect('localhost', 'root', Object(SensitiveParameterValue), 'ca_onex', 3306, '', 0)
#1 C:\xampp-new\htdocs\ca_onex\vendor\codeigniter4\framework\system\Database\BaseConnection.php(419): CodeIgniter\Database\MySQLi\Connection->connect(false)
#2 C:\xampp-new\htdocs\ca_onex\vendor\codeigniter4\framework\system\Database\BaseConnection.php(614): CodeIgniter\Database\BaseConnection->initialize()
#3 C:\xampp-new\htdocs\ca_onex\vendor\codeigniter4\framework\system\Database\BaseBuilder.php(1649): CodeIgniter\Database\BaseConnection->query('SELECT `users`....', Array, false)
#4 C:\xampp-new\htdocs\ca_onex\vendor\codeigniter4\framework\system\Model.php(330): CodeIgniter\Database\BaseBuilder->get()
#5 C:\xampp-new\htdocs\ca_onex\vendor\codeigniter4\framework\system\BaseModel.php(715): CodeIgniter\Model->doFirst()
#6 C:\xampp-new\htdocs\ca_onex\app\Models\UserModel.php(48): CodeIgniter\BaseModel->first()
#7 C:\xampp-new\htdocs\ca_onex\app\Controllers\Auth.php(27): App\Models\UserModel->getUserWithDetails('superadmin')
#8 C:\xampp-new\htdocs\ca_onex\vendor\codeigniter4\framework\system\CodeIgniter.php(935): App\Controllers\Auth->attemptLogin()
#9 C:\xampp-new\htdocs\ca_onex\vendor\codeigniter4\framework\system\CodeIgniter.php(509): CodeIgniter\CodeIgniter->runController(Object(App\Controllers\Auth))
#10 C:\xampp-new\htdocs\ca_onex\vendor\codeigniter4\framework\system\CodeIgniter.php(356): CodeIgniter\CodeIgniter->handleRequest(NULL, Object(Config\Cache), false)
#11 C:\xampp-new\htdocs\ca_onex\vendor\codeigniter4\framework\system\Boot.php(363): CodeIgniter\CodeIgniter->run()
#12 C:\xampp-new\htdocs\ca_onex\vendor\codeigniter4\framework\system\Boot.php(68): CodeIgniter\Boot::runCodeIgniter(Object(CodeIgniter\CodeIgniter))
#13 C:\xampp-new\htdocs\ca_onex\public\index.php(59): CodeIgniter\Boot::bootWeb(Object(Config\Paths))
#14 C:\xampp-new\htdocs\ca_onex\vendor\codeigniter4\framework\system\rewrite.php(44): require_once('C:\\xampp-new\\ht...')
#15 {main}

Next CodeIgniter\Database\Exceptions\DatabaseException: No connection could be made because the target machine actively refused it in C:\xampp-new\htdocs\ca_onex\vendor\codeigniter4\framework\system\Database\MySQLi\Connection.php:246
Stack trace:
#0 C:\xampp-new\htdocs\ca_onex\vendor\codeigniter4\framework\system\Database\BaseConnection.php(419): CodeIgniter\Database\MySQLi\Connection->connect(false)
#1 C:\xampp-new\htdocs\ca_onex\vendor\codeigniter4\framework\system\Database\BaseConnection.php(614): CodeIgniter\Database\BaseConnection->initialize()
#2 C:\xampp-new\htdocs\ca_onex\vendor\codeigniter4\framework\system\Database\BaseBuilder.php(1649): CodeIgniter\Database\BaseConnection->query('SELECT `users`....', Array, false)
#3 C:\xampp-new\htdocs\ca_onex\vendor\codeigniter4\framework\system\Model.php(330): CodeIgniter\Database\BaseBuilder->get()
#4 C:\xampp-new\htdocs\ca_onex\vendor\codeigniter4\framework\system\BaseModel.php(715): CodeIgniter\Model->doFirst()
#5 C:\xampp-new\htdocs\ca_onex\app\Models\UserModel.php(48): CodeIgniter\BaseModel->first()
#6 C:\xampp-new\htdocs\ca_onex\app\Controllers\Auth.php(27): App\Models\UserModel->getUserWithDetails('superadmin')
#7 C:\xampp-new\htdocs\ca_onex\vendor\codeigniter4\framework\system\CodeIgniter.php(935): App\Controllers\Auth->attemptLogin()
#8 C:\xampp-new\htdocs\ca_onex\vendor\codeigniter4\framework\system\CodeIgniter.php(509): CodeIgniter\CodeIgniter->runController(Object(App\Controllers\Auth))
#9 C:\xampp-new\htdocs\ca_onex\vendor\codeigniter4\framework\system\CodeIgniter.php(356): CodeIgniter\CodeIgniter->handleRequest(NULL, Object(Config\Cache), false)
#10 C:\xampp-new\htdocs\ca_onex\vendor\codeigniter4\framework\system\Boot.php(363): CodeIgniter\CodeIgniter->run()
#11 C:\xampp-new\htdocs\ca_onex\vendor\codeigniter4\framework\system\Boot.php(68): CodeIgniter\Boot::runCodeIgniter(Object(CodeIgniter\CodeIgniter))
#12 C:\xampp-new\htdocs\ca_onex\public\index.php(59): CodeIgniter\Boot::bootWeb(Object(Config\Paths))
#13 C:\xampp-new\htdocs\ca_onex\vendor\codeigniter4\framework\system\rewrite.php(44): require_once('C:\\xampp-new\\ht...')
#14 {main}
CRITICAL - 2026-02-02 20:36:39 --> CodeIgniter\Database\Exceptions\DatabaseException: Unable to connect to the database.
Main connection [MySQLi]: No connection could be made because the target machine actively refused it
[Method: POST, Route: auth/attemptLogin]
in SYSTEMPATH\Database\BaseConnection.php on line 465.
 1 SYSTEMPATH\Database\BaseConnection.php(614): CodeIgniter\Database\BaseConnection->initialize()
 2 SYSTEMPATH\Database\BaseBuilder.php(1649): CodeIgniter\Database\BaseConnection->query('SELECT `users`.*, `user_details`.`full_name`, `user_details`.`email`, `r`.`role_name` as `system_role`
FROM `users`
JOIN `user_details` ON `user_details`.`user_id` = `users`.`id`
JOIN `roles` `r` ON `r`.`id` = `users`.`system_role_id`
WHERE `users`.`username` = :users.username:
 LIMIT 1', [...], false)
 3 SYSTEMPATH\Model.php(330): CodeIgniter\Database\BaseBuilder->get()
 4 SYSTEMPATH\BaseModel.php(715): CodeIgniter\Model->doFirst()
 5 APPPATH\Models\UserModel.php(48): CodeIgniter\BaseModel->first()
 6 APPPATH\Controllers\Auth.php(27): App\Models\UserModel->getUserWithDetails('superadmin')
 7 SYSTEMPATH\CodeIgniter.php(935): App\Controllers\Auth->attemptLogin()
 8 SYSTEMPATH\CodeIgniter.php(509): CodeIgniter\CodeIgniter->runController(Object(App\Controllers\Auth))
 9 SYSTEMPATH\CodeIgniter.php(356): CodeIgniter\CodeIgniter->handleRequest(null, Object(Config\Cache), false)
10 SYSTEMPATH\Boot.php(363): CodeIgniter\CodeIgniter->run()
11 SYSTEMPATH\Boot.php(68): CodeIgniter\Boot::runCodeIgniter(Object(CodeIgniter\CodeIgniter))
12 FCPATH\index.php(59): CodeIgniter\Boot::bootWeb(Object(Config\Paths))
13 SYSTEMPATH\rewrite.php(44): require_once('C:\\xampp-new\\htdocs\\ca_onex\\public\\index.php')
